<html>
<body>
<pre>
<h1>µVision Build Log</h1>
<h2>Tool Versions:</h2>
IDE-Version: ¦ÌVision V5.14.0.0
Copyright (C) 2015 ARM Ltd and ARM Germany GmbH. All rights reserved.
License Information: wbwj wbwj, wbwj, LIC=EXJTG-VE8UX-63TMB-2MN4U-6GJ9G-UC77N
 
Tool Versions:
Toolchain:       MDK-ARM Standard  Version: 5.14.0.0
Toolchain Path:  C:\keil\ARM\ARMCC\Bin
C Compiler:      Armcc.exe V5.05 update 1 (build 106)
Assembler:       Armasm.exe V5.05 update 1 (build 106)
Linker/Locator:  ArmLink.exe V5.05 update 1 (build 106)
Library Manager: ArmAr.exe V5.05 update 1 (build 106)
Hex Converter:   FromElf.exe V5.05 update 1 (build 106)
CPU DLL:         SARMCM3.DLL V5.14.0.0
Dialog DLL:      DCM.DLL V1.13.1.0
Target DLL:      Segger\JL2CM3.dll V2.99.13.0
Dialog DLL:      DARMSTM.DLL V1.65.0.0
 
<h2>Project:</h2>
F:\×ÀÃæ\TCPServergai´¥ÃþÆÁn°æ\TEST.uvprojx
Project File Date:  10/31/2017

<h2>Output:</h2>
Build target 'Target 1'
compiling main.c...
compiling stm32f10x_it.c...
compiling gpio_config.c...
compiling usart_config.c...
compiling nvic_config.c...
compiling ESP8266.c...
USR\ESP8266.c(1239): warning:  #550-D: variable "bHz" was set but never used
    u8 bHz=0;     //×Ö·û»òÕßÖÐÎÄ                                                                                  
USR\ESP8266.c: 1 warning, 0 errors
compiling led.c...
compiling key.c...
compiling lcd.c...
compiling dht11.c...
compiling beep.c...
compiling adc.c...
compiling timer.c...
compiling stmflash.c...
compiling oled.c...
compiling ctiic.c...
compiling gt9147.c...
compiling pbdata.c...
compiling myiic.c...
compiling ott2001a.c...
compiling touch.c...
compiling 24cxx.c...
assembling startup_stm32f10x_hd.s...
compiling stm32f10x_gpio.c...
compiling stm32f10x_rcc.c...
compiling stm32f10x_exti.c...
compiling misc.c...
compiling stm32f10x_usart.c...
compiling stm32f10x_fsmc.c...
compiling stm32f10x_adc.c...
compiling stm32f10x_tim.c...
compiling stm32f10x_flash.c...
compiling stm32f10x_spi.c...
compiling core_cm3.c...
compiling system_stm32f10x.c...
compiling sys.c...
linking...
Program Size: Code=48400 RO-data=11380 RW-data=240 ZI-data=5200  
FromELF: creating hex file...
".\Objects\TEST.axf" - 0 Error(s), 1 Warning(s).

<h2>Collection of Component include folders:</h2>
  F:\×ÀÃæ\TCPServergai´¥ÃþÆÁn°æ\RTE
  C:\keil\ARM\PACK\Keil\STM32F1xx_DFP\2.1.0

<h2>Collection of Component Files used:</h2>
</pre>
</body>
</html>
